// Jest Snapshot v1, https://goo.gl/fbAQLP

exports[`<Settings /> render 1`] = `
<View
  accessibilityIgnoresInvertColors={true}
  style={
    Object {
      "backgroundColor": "white",
      "flex": 1,
    }
  }
>
  <Image
    source={1}
    style={
      Array [
        Object {
          "bottom": 0,
          "left": 0,
          "position": "absolute",
          "right": 0,
          "top": 0,
        },
        Object {
          "height": undefined,
          "width": undefined,
        },
        Object {
          "resizeMode": "contain",
          "top": 857.7142857142858,
        },
      ]
    }
  />
  <Modal
    hardwareAccelerated={false}
    transparent={true}
    visible={false}
  >
    <View
      style={
        Object {
          "alignItems": "center",
          "backgroundColor": "white",
          "flex": 1,
          "justifyContent": "center",
          "opacity": 0.8,
        }
      }
    >
      <ActivityIndicator
        animating={false}
        color="#01579b"
        hidesWhenStopped={true}
        size="large"
      />
      <Text
        style={
          Object {
            "color": "#01579b",
            "fontFamily": "SalesforceSans-Regular",
            "fontSize": 36,
            "paddingTop": 10,
          }
        }
      >
         
         
      </Text>
    </View>
  </Modal>
  <View
    style={
      Object {
        "backgroundColor": "#ffffff",
        "borderColor": "#e1e8ee",
        "borderWidth": 1,
        "margin": 15,
        "marginBottom": 0,
        "padding": 15,
        "shadowColor": "rgba(0,0,0, .2)",
        "shadowOffset": Object {
          "height": 0,
          "width": 0,
        },
        "shadowOpacity": 1,
        "shadowRadius": 1,
      }
    }
  >
    <View
      style={
        Object {
          "backgroundColor": "transparent",
        }
      }
    >
      <Text
        style={
          Object {
            "color": "#43484d",
            "fontFamily": "SalesforceSans-Bold",
            "fontSize": 17.5,
            "fontWeight": "bold",
            "marginBottom": 15,
            "textAlign": "center",
          }
        }
        testID="cardTitle"
      >
        
      </Text>
      <RCTScrollView
        ItemSeparatorComponent={[Function]}
        data={
          Array [
            Object {
              "code": "en",
              "name": "English",
            },
            Object {
              "code": "ne",
              "name": "Nepali",
            },
          ]
        }
        disableVirtualization={false}
        getItem={[Function]}
        getItemCount={[Function]}
        horizontal={false}
        initialNumToRender={10}
        keyExtractor={[Function]}
        maxToRenderPerBatch={10}
        onContentSizeChange={[Function]}
        onEndReachedThreshold={2}
        onLayout={[Function]}
        onMomentumScrollEnd={[Function]}
        onScroll={[Function]}
        onScrollBeginDrag={[Function]}
        onScrollEndDrag={[Function]}
        removeClippedSubviews={false}
        renderItem={[Function]}
        scrollEventThrottle={50}
        stickyHeaderIndices={Array []}
        updateCellsBatchingPeriod={50}
        viewabilityConfigCallbackPairs={Array []}
        windowSize={21}
      >
        <View>
          <View
            onLayout={[Function]}
            style={null}
          >
            <View
              accessible={true}
              focusable={true}
              onClick={[Function]}
              onResponderGrant={[Function]}
              onResponderMove={[Function]}
              onResponderRelease={[Function]}
              onResponderTerminate={[Function]}
              onResponderTerminationRequest={[Function]}
              onStartShouldSetResponder={[Function]}
            >
              <View
                style={
                  Object {
                    "alignItems": "center",
                    "backgroundColor": "#ffffff",
                    "borderColor": "#bcbbc1",
                    "flexDirection": "row",
                    "padding": 14,
                  }
                }
                testID="padView"
              >
                <View
                  color="#01579b"
                  name="check"
                  size={20}
                />
                <View
                  style={
                    Object {
                      "paddingLeft": 16,
                    }
                  }
                />
                <View
                  style={
                    Object {
                      "alignItems": "flex-start",
                      "flex": 1,
                      "justifyContent": "center",
                    }
                  }
                  theme={
                    Object {
                      "colors": Object {
                        "black": "#242424",
                        "disabled": "hsl(208, 8%, 90%)",
                        "divider": "#bcbbc1",
                        "error": "#ff190c",
                        "grey0": "#393e42",
                        "grey1": "#43484d",
                        "grey2": "#5e6977",
                        "grey3": "#86939e",
                        "grey4": "#bdc6cf",
                        "grey5": "#e1e8ee",
                        "greyOutline": "#bbb",
                        "platform": Object {
                          "android": Object {
                            "error": "#f44336",
                            "grey": "rgba(0, 0, 0, 0.54)",
                            "primary": "#2196f3",
                            "secondary": "#9C27B0",
                            "success": "#4caf50",
                            "warning": "#ffeb3b",
                          },
                          "ios": Object {
                            "error": "#ff3b30",
                            "grey": "#7d7d7d",
                            "primary": "#007aff",
                            "searchBg": "#dcdce1",
                            "secondary": "#5856d6",
                            "success": "#4cd964",
                            "warning": "#ffcc00",
                          },
                        },
                        "primary": "#2089dc",
                        "searchBg": "#303337",
                        "secondary": "#ca71eb",
                        "success": "#52c41a",
                        "warning": "#faad14",
                        "white": "#ffffff",
                      },
                    }
                  }
                >
                  <Text
                    style={
                      Object {
                        "backgroundColor": "transparent",
                        "color": "#242424",
                        "fontFamily": "SalesforceSans-Regular",
                        "fontSize": 17,
                      }
                    }
                    testID="listItemTitle"
                  >
                    English
                  </Text>
                </View>
              </View>
            </View>
            <View
              style={
                Object {
                  "backgroundColor": "#dedcdb",
                  "height": 0.5,
                }
              }
            />
          </View>
          <View
            onLayout={[Function]}
            style={null}
          >
            <View
              accessible={true}
              focusable={true}
              onClick={[Function]}
              onResponderGrant={[Function]}
              onResponderMove={[Function]}
              onResponderRelease={[Function]}
              onResponderTerminate={[Function]}
              onResponderTerminationRequest={[Function]}
              onStartShouldSetResponder={[Function]}
            >
              <View
                style={
                  Object {
                    "alignItems": "center",
                    "backgroundColor": "#ffffff",
                    "borderColor": "#bcbbc1",
                    "flexDirection": "row",
                    "padding": 14,
                  }
                }
                testID="padView"
              >
                <View
                  style={
                    Object {
                      "alignItems": "flex-start",
                      "flex": 1,
                      "justifyContent": "center",
                    }
                  }
                  theme={
                    Object {
                      "colors": Object {
                        "black": "#242424",
                        "disabled": "hsl(208, 8%, 90%)",
                        "divider": "#bcbbc1",
                        "error": "#ff190c",
                        "grey0": "#393e42",
                        "grey1": "#43484d",
                        "grey2": "#5e6977",
                        "grey3": "#86939e",
                        "grey4": "#bdc6cf",
                        "grey5": "#e1e8ee",
                        "greyOutline": "#bbb",
                        "platform": Object {
                          "android": Object {
                            "error": "#f44336",
                            "grey": "rgba(0, 0, 0, 0.54)",
                            "primary": "#2196f3",
                            "secondary": "#9C27B0",
                            "success": "#4caf50",
                            "warning": "#ffeb3b",
                          },
                          "ios": Object {
                            "error": "#ff3b30",
                            "grey": "#7d7d7d",
                            "primary": "#007aff",
                            "searchBg": "#dcdce1",
                            "secondary": "#5856d6",
                            "success": "#4cd964",
                            "warning": "#ffcc00",
                          },
                        },
                        "primary": "#2089dc",
                        "searchBg": "#303337",
                        "secondary": "#ca71eb",
                        "success": "#52c41a",
                        "warning": "#faad14",
                        "white": "#ffffff",
                      },
                    }
                  }
                >
                  <Text
                    style={
                      Object {
                        "backgroundColor": "transparent",
                        "color": "#242424",
                        "fontFamily": "SalesforceSans-Regular",
                        "fontSize": 17,
                      }
                    }
                    testID="listItemTitle"
                  >
                    Nepali
                  </Text>
                </View>
              </View>
            </View>
          </View>
        </View>
      </RCTScrollView>
    </View>
  </View>
  <View
    style={
      Object {
        "backgroundColor": "#ffffff",
        "borderColor": "#e1e8ee",
        "borderWidth": 1,
        "margin": 15,
        "marginBottom": 0,
        "padding": 15,
        "shadowColor": "rgba(0,0,0, .2)",
        "shadowOffset": Object {
          "height": 0,
          "width": 0,
        },
        "shadowOpacity": 1,
        "shadowRadius": 1,
      }
    }
  >
    <View
      style={
        Object {
          "backgroundColor": "transparent",
        }
      }
    >
      <Text
        style={
          Object {
            "color": "#43484d",
            "fontFamily": "SalesforceSans-Bold",
            "fontSize": 17.5,
            "fontWeight": "bold",
            "marginBottom": 15,
            "textAlign": "center",
          }
        }
        testID="cardTitle"
      >
        
      </Text>
      <View
        accessible={true}
        focusable={true}
        onClick={[Function]}
        onResponderGrant={[Function]}
        onResponderMove={[Function]}
        onResponderRelease={[Function]}
        onResponderTerminate={[Function]}
        onResponderTerminationRequest={[Function]}
        onStartShouldSetResponder={[Function]}
      >
        <View
          style={
            Object {
              "alignItems": "center",
              "backgroundColor": "#ffffff",
              "borderColor": "#bcbbc1",
              "borderTopWidth": 0.5,
              "flexDirection": "row",
              "padding": 14,
            }
          }
          testID="padView"
        >
          <View
            color="#706e6b"
            name="cloud-download"
          />
          <View
            style={
              Object {
                "paddingLeft": 16,
              }
            }
          />
          <View
            style={
              Object {
                "alignItems": "flex-start",
                "flex": 1,
                "justifyContent": "center",
              }
            }
            theme={
              Object {
                "colors": Object {
                  "black": "#242424",
                  "disabled": "hsl(208, 8%, 90%)",
                  "divider": "#bcbbc1",
                  "error": "#ff190c",
                  "grey0": "#393e42",
                  "grey1": "#43484d",
                  "grey2": "#5e6977",
                  "grey3": "#86939e",
                  "grey4": "#bdc6cf",
                  "grey5": "#e1e8ee",
                  "greyOutline": "#bbb",
                  "platform": Object {
                    "android": Object {
                      "error": "#f44336",
                      "grey": "rgba(0, 0, 0, 0.54)",
                      "primary": "#2196f3",
                      "secondary": "#9C27B0",
                      "success": "#4caf50",
                      "warning": "#ffeb3b",
                    },
                    "ios": Object {
                      "error": "#ff3b30",
                      "grey": "#7d7d7d",
                      "primary": "#007aff",
                      "searchBg": "#dcdce1",
                      "secondary": "#5856d6",
                      "success": "#4cd964",
                      "warning": "#ffcc00",
                    },
                  },
                  "primary": "#2089dc",
                  "searchBg": "#303337",
                  "secondary": "#ca71eb",
                  "success": "#52c41a",
                  "warning": "#faad14",
                  "white": "#ffffff",
                },
              }
            }
          >
            <Text
              style={
                Object {
                  "backgroundColor": "transparent",
                  "color": "#242424",
                  "fontFamily": "SalesforceSans-Regular",
                  "fontSize": 17,
                }
              }
              testID="listItemTitle"
            >
              Reload Metadata and Survey
            </Text>
          </View>
        </View>
      </View>
    </View>
  </View>
</View>
`;
