// Jest Snapshot v1, https://goo.gl/fbAQLP

exports[`<CheckboxButton /> Rendering 1`] = `
<View
  accessibilityState={
    {
      "busy": undefined,
      "checked": undefined,
      "disabled": undefined,
      "expanded": undefined,
      "selected": undefined,
    }
  }
  accessibilityValue={
    {
      "max": undefined,
      "min": undefined,
      "now": undefined,
      "text": undefined,
    }
  }
  accessible={true}
  collapsable={false}
  focusable={false}
  onClick={[Function]}
  onResponderGrant={[Function]}
  onResponderMove={[Function]}
  onResponderRelease={[Function]}
  onResponderTerminate={[Function]}
  onResponderTerminationRequest={[Function]}
  onStartShouldSetResponder={[Function]}
  style={
    {
      "alignItems": "center",
      "flexDirection": "row",
      "justifyContent": "center",
      "opacity": 1,
      "padding": 10,
    }
  }
>
  <View
    color="#01579b"
    name="check-box"
    size={30}
    type="material"
  />
  <View
    style={
      {
        "marginBottom": -5,
      }
    }
  >
    Test
  </View>
</View>
`;
