// Jest Snapshot v1, https://goo.gl/fbAQLP

exports[`<Loader /> Rendering 1`] = `
<Modal
  hardwareAccelerated={false}
  transparent={true}
  visible={true}
>
  <View
    style={
      {
        "alignItems": "center",
        "backgroundColor": "white",
        "flex": 1,
        "justifyContent": "center",
        "opacity": 0.8,
      }
    }
  >
    <ActivityIndicator
      animating={true}
      color="#01579b"
      hidesWhenStopped={true}
      size="large"
    />
    <Text
      style={
        {
          "color": "#01579b",
          "fontFamily": "SalesforceSans-Regular",
          "fontSize": 36,
          "paddingTop": 10,
        }
      }
    >
       
       
    </Text>
  </View>
</Modal>
`;
