// Jest Snapshot v1, https://goo.gl/fbAQLP

exports[`<LoginFormInput /> Rendering 1`] = `
<View
  style={
    {
      "paddingHorizontal": 10,
      "width": "100%",
    }
  }
  testID="RNE__Input__view-wrapper"
>
  <Text
    style={
      {
        "color": "#86939e",
        "fontFamily": "SalesforceSans-Regular",
        "fontSize": 16,
        "fontWeight": "bold",
      }
    }
  >
    Email
  </Text>
  <View
    collapsable={false}
    style={
      {
        "alignItems": "center",
        "borderBottomWidth": 1,
        "borderColor": "#86939e",
        "flexDirection": "row",
        "transform": [
          {
            "translateX": 0,
          },
        ],
      }
    }
  >
    <View
      style={
        {
          "alignItems": "center",
          "height": 40,
          "justifyContent": "center",
          "marginVertical": 4,
          "paddingRight": 4,
        }
      }
    >
      <View
        style={
          {
            "overflow": "hidden",
          }
        }
        testID="RNE__ICON__CONTAINER"
      >
        <View
          accessibilityRole="button"
          android_ripple={
            {
              "borderless": false,
              "color": "rgba(0, 0, 0, 0.3)",
              "radius": -5,
            }
          }
          disabled={false}
          testID="RNE__ICON__CONTAINER_ACTION"
        >
          <View
            style={
              {
                "alignItems": "center",
                "backgroundColor": "transparent",
                "justifyContent": "center",
              }
            }
            testID="RNE__ICON"
          >
            <Text />
          </View>
        </View>
      </View>
    </View>
    <TextInput
      editable={true}
      keyboardType="email-address"
      onChangeText={[Function]}
      placeholder="yourname@example.com"
      placeholderTextColor="#86939e"
      style={
        {
          "color": "#242424",
          "flex": 1,
          "fontFamily": "SalesforceSans-Regular",
          "fontSize": 18,
          "minHeight": 40,
        }
      }
      testID="RNE__Input__text-input"
      underlineColorAndroid="transparent"
      value="test@example.com"
    />
  </View>
  <Text
    style={
      {
        "color": "#c23934",
        "fontFamily": "SalesforceSans-Regular",
        "fontSize": 12,
        "margin": 5,
      }
    }
  >
    test error message
  </Text>
</View>
`;
